
Memory Configuration

Name             Origin             Length             Attributes
*default*        0x00000000         0xffffffff

Linker script and memory map

LOAD os.o
                0x00008000                PROVIDE (__executable_start, 0x8000)
                0x00008000                . = 0x8000

.interp
 *(.interp)

.note.gnu.build-id
 *(.note.gnu.build-id)

.hash
 *(.hash)

.gnu.hash
 *(.gnu.hash)

.dynsym
 *(.dynsym)

.dynstr
 *(.dynstr)

.gnu.version
 *(.gnu.version)

.gnu.version_d
 *(.gnu.version_d)

.gnu.version_r
 *(.gnu.version_r)

.rel.dyn
 *(.rel.init)
 *(.rel.text .rel.text.* .rel.gnu.linkonce.t.*)
 *(.rel.fini)
 *(.rel.rodata .rel.rodata.* .rel.gnu.linkonce.r.*)
 *(.rel.data.rel.ro* .rel.gnu.linkonce.d.rel.ro.*)
 *(.rel.data .rel.data.* .rel.gnu.linkonce.d.*)
 *(.rel.tdata .rel.tdata.* .rel.gnu.linkonce.td.*)
 *(.rel.tbss .rel.tbss.* .rel.gnu.linkonce.tb.*)
 *(.rel.ctors)
 *(.rel.dtors)
 *(.rel.got)
 *(.rel.bss .rel.bss.* .rel.gnu.linkonce.b.*)

.rela.dyn
 *(.rela.init)
 *(.rela.text .rela.text.* .rela.gnu.linkonce.t.*)
 *(.rela.fini)
 *(.rela.rodata .rela.rodata.* .rela.gnu.linkonce.r.*)
 *(.rela.data .rela.data.* .rela.gnu.linkonce.d.*)
 *(.rela.tdata .rela.tdata.* .rela.gnu.linkonce.td.*)
 *(.rela.tbss .rela.tbss.* .rela.gnu.linkonce.tb.*)
 *(.rela.ctors)
 *(.rela.dtors)
 *(.rela.got)
 *(.rela.bss .rela.bss.* .rela.gnu.linkonce.b.*)

.rel.plt
 *(.rel.plt)

.rela.plt
 *(.rela.plt)

.init           0x00008000       0x18
 *(.init)
 .init          0x00008000       0x18 os.o
                0x00008000                _init

.plt
 *(.plt)

.text           0x00008018      0x1b8
 *(.text .stub .text.* .gnu.linkonce.t.*)
 .text          0x00008018      0x1b8 os.o
                0x000080b0                getGPIOAddr
                0x000080d0                setGPIOFunc
                0x000080ac                _start
                0x00008194                BeginOS
                0x000081a8                main
                0x0000813c                setGPIO
 *(.gnu.warning)
 *(.glue_7t)
 .glue_7t       0x000081d0        0x0 os.o
 *(.glue_7)
 .glue_7        0x000081d0        0x0 os.o
 *(.vfp11_veneer)
 .vfp11_veneer  0x000081d0        0x0 os.o
 *(.janus_2cc_veneer)
 .janus_2cc_veneer
                0x000081d0        0x0 os.o
 *(.v4_bx)
 .v4_bx         0x000081d0        0x0 os.o

.fini           0x000081d0       0x18
 *(.fini)
 .fini          0x000081d0       0x18 os.o
                0x000081d0                _fini
                0x000081e8                PROVIDE (__etext, .)
                0x000081e8                PROVIDE (_etext, .)
                0x000081e8                PROVIDE (etext, .)

.rodata
 *(.rodata .rodata.* .gnu.linkonce.r.*)

.rodata1
 *(.rodata1)

.ARM.extab
 *(.ARM.extab* .gnu.linkonce.armextab.*)
                0x000081e8                __exidx_start = .

.ARM.exidx
 *(.ARM.exidx* .gnu.linkonce.armexidx.*)
                0x000081e8                __exidx_end = .

.eh_frame_hdr
 *(.eh_frame_hdr)

.eh_frame       0x000081e8        0x4
 *(.eh_frame)
 .eh_frame      0x000081e8        0x4 os.o

.gcc_except_table
 *(.gcc_except_table .gcc_except_table.*)
                0x000101ec                . = (ALIGN (0x8000) + (. & 0x7fff))

.eh_frame
 *(.eh_frame)

.gcc_except_table
 *(.gcc_except_table .gcc_except_table.*)

.tdata
 *(.tdata .tdata.* .gnu.linkonce.td.*)

.tbss
 *(.tbss .tbss.* .gnu.linkonce.tb.*)
 *(.tcommon)

.preinit_array  0x000101ec        0x0
                0x000101ec                PROVIDE (__preinit_array_start, .)
 *(.preinit_array)
                0x000101ec                PROVIDE (__preinit_array_end, .)

.init_array     0x000101ec        0x4
                0x000101ec                PROVIDE (__init_array_start, .)
 *(SORT(.init_array.*))
 *(.init_array)
 .init_array    0x000101ec        0x4 os.o
                0x000101f0                PROVIDE (__init_array_end, .)

.fini_array     0x000101f0        0x4
                0x000101f0                PROVIDE (__fini_array_start, .)
 *(.fini_array)
 .fini_array    0x000101f0        0x4 os.o
 *(SORT(.fini_array.*))
                0x000101f4                PROVIDE (__fini_array_end, .)

.ctors
 *crtbegin.o(.ctors)
 *crtbegin?.o(.ctors)
 *(EXCLUDE_FILE(*crtend?.o *crtend.o) .ctors)
 *(SORT(.ctors.*))
 *(.ctors)

.dtors
 *crtbegin.o(.dtors)
 *crtbegin?.o(.dtors)
 *(EXCLUDE_FILE(*crtend?.o *crtend.o) .dtors)
 *(SORT(.dtors.*))
 *(.dtors)

.jcr            0x000101f4        0x4
 *(.jcr)
 .jcr           0x000101f4        0x4 os.o

.data.rel.ro
 *(.data.rel.ro.local* .gnu.linkonce.d.rel.ro.local.*)
 *(.data.rel.ro* .gnu.linkonce.d.rel.ro.*)

.dynamic
 *(.dynamic)

.got
 *(.got.plt)
 *(.got)

.data           0x000101f8        0x4
                0x000101f8                __data_start = .
 *(.data .data.* .gnu.linkonce.d.*)
 .data          0x000101f8        0x4 os.o
                0x000101f8                __dso_handle

.data1
 *(.data1)
                0x000101fc                _edata = .
                0x000101fc                PROVIDE (edata, .)
                0x000101fc                __bss_start = .
                0x000101fc                __bss_start__ = .

.bss            0x000101fc       0x1c
 *(.dynbss)
 *(.bss .bss.* .gnu.linkonce.b.*)
 .bss           0x000101fc       0x1c os.o
 *(COMMON)
                0x00010218                . = ALIGN ((. != 0x0)?0x4:0x1)
                0x00010218                _bss_end__ = .
                0x00010218                __bss_end__ = .
                0x00010218                . = ALIGN (0x4)
                0x00010218                . = ALIGN (0x4)
                0x00010218                __end__ = .
                0x00010218                _end = .
                0x00010218                PROVIDE (end, .)

.stab
 *(.stab)

.stabstr
 *(.stabstr)

.stab.excl
 *(.stab.excl)

.stab.exclstr
 *(.stab.exclstr)

.stab.index
 *(.stab.index)

.stab.indexstr
 *(.stab.indexstr)

.comment        0x00000000       0x2a
 *(.comment)
 .comment       0x00000000       0x2a os.o

.debug
 *(.debug)

.line
 *(.line)

.debug_srcinfo
 *(.debug_srcinfo)

.debug_sfnames
 *(.debug_sfnames)

.debug_aranges
 *(.debug_aranges)

.debug_pubnames
 *(.debug_pubnames)

.debug_info
 *(.debug_info .gnu.linkonce.wi.*)

.debug_abbrev
 *(.debug_abbrev)

.debug_line
 *(.debug_line)

.debug_frame
 *(.debug_frame)

.debug_str
 *(.debug_str)

.debug_loc
 *(.debug_loc)

.debug_macinfo
 *(.debug_macinfo)

.debug_weaknames
 *(.debug_weaknames)

.debug_funcnames
 *(.debug_funcnames)

.debug_typenames
 *(.debug_typenames)

.debug_varnames
 *(.debug_varnames)

.debug_pubtypes
 *(.debug_pubtypes)

.debug_ranges
 *(.debug_ranges)

.stack          0x00080000        0x0
                0x00080000                _stack = .
 *(.stack)

.ARM.attributes
                0x00000000       0x2c
 *(.ARM.attributes)
 .ARM.attributes
                0x00000000       0x2c os.o
 *(.gnu.attributes)

.note.gnu.arm.ident
 *(.note.gnu.arm.ident)

/DISCARD/
 *(.note.GNU-stack)
 *(.gnu_debuglink)
OUTPUT(out.elf elf32-littlearm)
